-- a.go --
package a

func F() {}

This is error
-- go.mod --
module linecomment.example.com/a

go 1.19
